7SEG.h:11:6:display7SEG	16	static
InitState.h:11:6:initState	8	static
update7SEG.h:14:6:update7SEG	16	static
main.c:62:6:updateClockBuffer	4	static
main.c:73:6:setTimer0	16	static
main.c:78:6:timer_run	4	static
main.c:88:6:setTimer_scan	16	static
main.c:93:6:TimerScan_run	4	static
main.c:107:5:main	16	static
main.c:191:6:SystemClock_Config	72	static
main.c:227:13:MX_TIM2_Init	32	static
main.c:272:13:MX_GPIO_Init	32	static
main.c:310:6:HAL_TIM_PeriodElapsedCallback	16	static
main.c:341:6:Error_Handler	4	static,ignoring_inline_asm
