21:39:27 **** Incremental Build of configuration Debug for project Lab2 ****
make -j12 all 
arm-none-eabi-gcc "../Core/Src/main.c" -mcpu=cortex-m3 -std=gnu11 -g3 -DDEBUG -DUSE_HAL_DRIVER -DSTM32F103x6 -c -I../Core/Inc -I../Drivers/STM32F1xx_HAL_Driver/Inc -I../Drivers/STM32F1xx_HAL_Driver/Inc/Legacy -I../Drivers/CMSIS/Device/ST/STM32F1xx/Include -I../Drivers/CMSIS/Include -O0 -ffunction-sections -fdata-sections -Wall -fstack-usage -MMD -MP -MF"Core/Src/main.d" -MT"Core/Src/main.o" --specs=nano.specs -mfloat-abi=soft -mthumb -o "Core/Src/main.o"
arm-none-eabi-gcc -o "Lab2.elf" @"objects.list"   -mcpu=cortex-m3 -T"C:\Users\Heathcliff\OneDrive\Desktop\Lab2_MCU_2113162\Lab2\STM32F103C6UX_FLASH.ld" --specs=nosys.specs -Wl,-Map="Lab2.map" -Wl,--gc-sections -static --specs=nano.specs -mfloat-abi=soft -mthumb -Wl,--start-group -lc -lm -Wl,--end-group
Finished building target: Lab2.elf
 
arm-none-eabi-size   Lab2.elf 
arm-none-eabi-objdump -h -S  Lab2.elf  > "Lab2.list"
   text	   data	    bss	    dec	    hex	filename
  10836	     72	   1648	  12556	   310c	Lab2.elf
arm-none-eabi-objcopy  -O ihex  Lab2.elf  "Lab2.hex"
arm-none-eabi-objcopy  -O binary  Lab2.elf  "Lab2.bin"
Finished building: default.size.stdout
 
Finished building: Lab2.hex
Finished building: Lab2.bin
Finished building: Lab2.list
 
 
 

21:39:27 Build Finished. 0 errors, 0 warnings. (took 738ms)

