15:40:19 **** Incremental Build of configuration Debug for project Lab2_ex4 ****
make -j12 all 
arm-none-eabi-gcc "../Core/Src/main.c" -mcpu=cortex-m3 -std=gnu11 -g3 -DDEBUG -DUSE_HAL_DRIVER -DSTM32F103x6 -c -I../Core/Inc -I../Drivers/STM32F1xx_HAL_Driver/Inc -I../Drivers/STM32F1xx_HAL_Driver/Inc/Legacy -I../Drivers/CMSIS/Device/ST/STM32F1xx/Include -I../Drivers/CMSIS/Include -O0 -ffunction-sections -fdata-sections -Wall -fstack-usage -MMD -MP -MF"Core/Src/main.d" -MT"Core/Src/main.o" --specs=nano.specs -mfloat-abi=soft -mthumb -o "Core/Src/main.o"
arm-none-eabi-gcc -o "Lab2_ex4.elf" @"objects.list"   -mcpu=cortex-m3 -T"C:\Users\Heathcliff\OneDrive\Desktop\Lab2_MCU_2113162\Lab2_ex4\STM32F103C6UX_FLASH.ld" --specs=nosys.specs -Wl,-Map="Lab2_ex4.map" -Wl,--gc-sections -static --specs=nano.specs -mfloat-abi=soft -mthumb -Wl,--start-group -lc -lm -Wl,--end-group
Finished building target: Lab2_ex4.elf
 
arm-none-eabi-size   Lab2_ex4.elf 
arm-none-eabi-objdump -h -S  Lab2_ex4.elf  > "Lab2_ex4.list"
   text	   data	    bss	    dec	    hex	filename
   8208	     40	   1648	   9896	   26a8	Lab2_ex4.elf
arm-none-eabi-objcopy  -O ihex  Lab2_ex4.elf  "Lab2_ex4.hex"
arm-none-eabi-objcopy  -O binary  Lab2_ex4.elf  "Lab2_ex4.bin"
Finished building: default.size.stdout
 
Finished building: Lab2_ex4.hex
Finished building: Lab2_ex4.bin
 
 
Finished building: Lab2_ex4.list
 

15:40:20 Build Finished. 0 errors, 0 warnings. (took 749ms)

